../Core/Src/main.c:86:5:main	16	static
../Core/Src/main.c:159:6:SystemClock_Config	80	static
../Core/Src/main.c:200:13:MX_ADC_Init	24	static
../Core/Src/main.c:254:13:MX_TIM3_Init	64	static
../Core/Src/main.c:313:13:MX_USART2_UART_Init	8	static
../Core/Src/main.c:346:13:MX_DMA_Init	16	static
../Core/Src/main.c:367:13:MX_GPIO_Init	56	static
../Core/Src/main.c:408:6:EXTI0_1_IRQHandler	8	static
../Core/Src/main.c:425:10:pollADC	16	static
../Core/Src/main.c:436:10:ADCtoCRR	24	static
../Core/Src/main.c:455:6:Error_Handler	8	static,ignoring_inline_asm
